// Jest Snapshot v1, https://goo.gl/fbAQLP

exports[`PromoCard should apply the correct background image and color styles 1`] = `
<div
  class="MuiBox-root css-1ouuv4p"
>
  <div
    class="MuiBox-root css-1mjmca5"
  >
    <div>
      Test Child
    </div>
  </div>
</div>
`;
